2026-06-29T03:01:37.196Z - Client: init() started
2026-06-29T03:01:39.130Z - Client: init() started
2026-06-29T03:01:39.166Z - Client: Calling ensureCivilRegistryTransactionTypes()...
2026-06-29T03:01:39.203Z - Client: Calling ensureCivilRegistryTransactionTypes()...
2026-06-29T03:01:49.761Z - Client: ensureCivilRegistryTransactionTypes() finished
2026-06-29T03:01:49.790Z - Client: ensureCivilRegistryTransactionTypes() finished
2026-06-29T03:01:49.819Z - Client: Calling getCurrentUserResident() and getTransactionTypes()...
2026-06-29T03:01:49.851Z - Client: Calling getCurrentUserResident() and getTransactionTypes()...
2026-06-29T03:01:52.498Z - Client: getCurrentUserResident() and getTransactionTypes() resolved
2026-06-29T03:01:52.528Z - Client: getCurrentUserResident() and getTransactionTypes() resolved
2026-06-29T03:01:52.568Z - Client: Found dbType ID: cmqymmg23000av5ncllwd7wt2
2026-06-29T03:01:52.597Z - Client: Found dbType ID: cmqymmg23000av5ncllwd7wt2
2026-06-29T03:01:52.628Z - Client: init() try block successfully finished
2026-06-29T03:01:52.653Z - Client: init() try block successfully finished
2026-06-29T03:01:52.677Z - Client: init() finally block (setting loading=false)
2026-06-29T03:01:52.710Z - Client: init() finally block (setting loading=false)
2026-06-29T03:02:51.870Z - Client: init() started
2026-06-29T03:02:53.514Z - Client: init() started
2026-06-29T03:02:53.533Z - Client: Calling ensureCivilRegistryTransactionTypes()...
2026-06-29T03:02:53.550Z - Client: Calling ensureCivilRegistryTransactionTypes()...
2026-06-29T03:03:02.934Z - Client: ensureCivilRegistryTransactionTypes() finished
2026-06-29T03:03:02.951Z - Client: ensureCivilRegistryTransactionTypes() finished
2026-06-29T03:03:02.969Z - Client: Calling getCurrentUserResident() and getTransactionTypes()...
2026-06-29T03:03:02.984Z - Client: Calling getCurrentUserResident() and getTransactionTypes()...
2026-06-29T03:03:07.683Z - Client: getCurrentUserResident() and getTransactionTypes() resolved
2026-06-29T03:03:07.702Z - Client: getCurrentUserResident() and getTransactionTypes() resolved
2026-06-29T03:03:07.720Z - Client: Found dbType ID: cmqymmg23000av5ncllwd7wt2
2026-06-29T03:03:07.740Z - Client: Found dbType ID: cmqymmg23000av5ncllwd7wt2
2026-06-29T03:03:07.760Z - Client: init() try block successfully finished
2026-06-29T03:03:07.779Z - Client: init() try block successfully finished
2026-06-29T03:03:07.794Z - Client: init() finally block (setting loading=false)
2026-06-29T03:03:07.816Z - Client: init() finally block (setting loading=false)
2026-06-29T03:07:57.319Z - Client: init() started
2026-06-29T03:07:59.945Z - Client: init() started
2026-06-29T03:07:59.976Z - Client: Calling ensureCivilRegistryTransactionTypes()...
2026-06-29T03:07:59.997Z - Client: Calling ensureCivilRegistryTransactionTypes()...
2026-06-29T03:08:10.957Z - Client: ensureCivilRegistryTransactionTypes() finished
2026-06-29T03:08:10.977Z - Client: ensureCivilRegistryTransactionTypes() finished
2026-06-29T03:08:10.997Z - Client: Calling getCurrentUserResident() and getTransactionTypes()...
2026-06-29T03:08:11.018Z - Client: Calling getCurrentUserResident() and getTransactionTypes()...
2026-06-29T03:08:14.063Z - Client: getCurrentUserResident() and getTransactionTypes() resolved
2026-06-29T03:08:14.089Z - Client: getCurrentUserResident() and getTransactionTypes() resolved
2026-06-29T03:08:14.118Z - Client: Found dbType ID: cmqymmg23000av5ncllwd7wt2
2026-06-29T03:08:14.138Z - Client: Found dbType ID: cmqymmg23000av5ncllwd7wt2
2026-06-29T03:08:14.158Z - Client: init() try block successfully finished
2026-06-29T03:08:14.177Z - Client: init() try block successfully finished
2026-06-29T03:08:14.195Z - Client: init() finally block (setting loading=false)
2026-06-29T03:08:14.216Z - Client: init() finally block (setting loading=false)
2026-06-29T03:12:10.434Z - Client: init() started
2026-06-29T03:12:11.235Z - Client: init() started
2026-06-29T03:12:11.642Z - Client: Calling ensureCivilRegistryTransactionTypes()...
2026-06-29T03:12:11.665Z - Client: Calling ensureCivilRegistryTransactionTypes()...
2026-06-29T03:12:16.245Z - Client: ensureCivilRegistryTransactionTypes() finished
2026-06-29T03:12:16.273Z - Client: Calling getCurrentUserResident() and getTransactionTypes()...
2026-06-29T03:12:16.914Z - Client: ensureCivilRegistryTransactionTypes() finished
2026-06-29T03:12:16.942Z - Client: Calling getCurrentUserResident() and getTransactionTypes()...
2026-06-29T03:12:17.513Z - Client: getCurrentUserResident() and getTransactionTypes() resolved
2026-06-29T03:12:17.536Z - Client: Found dbType ID: cmqymmg23000av5ncllwd7wt2
2026-06-29T03:12:17.559Z - Client: init() try block successfully finished
2026-06-29T03:12:17.583Z - Client: init() finally block (setting loading=false)
2026-06-29T03:12:17.855Z - Client: getCurrentUserResident() and getTransactionTypes() resolved
2026-06-29T03:12:17.881Z - Client: Found dbType ID: cmqymmg23000av5ncllwd7wt2
2026-06-29T03:12:17.903Z - Client: init() try block successfully finished
2026-06-29T03:12:17.926Z - Client: init() finally block (setting loading=false)
2026-06-29T03:13:23.219Z - Client: init() started
2026-06-29T03:13:23.237Z - Client: Calling ensureCivilRegistryTransactionTypes()...
2026-06-29T03:13:28.258Z - Client: ensureCivilRegistryTransactionTypes() finished
2026-06-29T03:13:28.277Z - Client: Calling getCurrentUserResident() and getTransactionTypes()...
2026-06-29T03:13:29.808Z - Client: getCurrentUserResident() and getTransactionTypes() resolved
2026-06-29T03:13:29.824Z - Client: Found dbType ID: cmqymmg23000av5ncllwd7wt2
2026-06-29T03:13:29.841Z - Client: init() try block successfully finished
2026-06-29T03:13:29.857Z - Client: init() finally block (setting loading=false)
2026-06-29T03:14:12.824Z - Client: init() started
2026-06-29T03:14:13.973Z - Client: init() started
2026-06-29T03:14:13.994Z - Client: Calling ensureCivilRegistryTransactionTypes()...
2026-06-29T03:14:14.014Z - Client: Calling ensureCivilRegistryTransactionTypes()...
2026-06-29T03:14:22.218Z - Client: ensureCivilRegistryTransactionTypes() finished
2026-06-29T03:14:22.236Z - Client: ensureCivilRegistryTransactionTypes() finished
2026-06-29T03:14:22.256Z - Client: Calling getCurrentUserResident() and getTransactionTypes()...
2026-06-29T03:14:22.274Z - Client: Calling getCurrentUserResident() and getTransactionTypes()...
2026-06-29T03:14:24.882Z - Client: getCurrentUserResident() and getTransactionTypes() resolved
2026-06-29T03:14:24.900Z - Client: getCurrentUserResident() and getTransactionTypes() resolved
2026-06-29T03:14:24.919Z - Client: Found dbType ID: cmqymmg23000av5ncllwd7wt2
2026-06-29T03:14:24.937Z - Client: Found dbType ID: cmqymmg23000av5ncllwd7wt2
2026-06-29T03:14:24.954Z - Client: init() try block successfully finished
2026-06-29T03:14:24.973Z - Client: init() try block successfully finished
2026-06-29T03:14:24.988Z - Client: init() finally block (setting loading=false)
2026-06-29T03:14:25.005Z - Client: init() finally block (setting loading=false)
2026-06-29T03:21:33.330Z - Client: init() started
2026-06-29T03:21:34.629Z - Client: init() started
2026-06-29T03:21:34.648Z - Client: Calling ensureCivilRegistryTransactionTypes()...
2026-06-29T03:21:34.668Z - Client: Calling ensureCivilRegistryTransactionTypes()...
2026-06-29T03:21:52.016Z - Client: ensureCivilRegistryTransactionTypes() finished
2026-06-29T03:21:52.035Z - Client: ensureCivilRegistryTransactionTypes() finished
2026-06-29T03:21:52.057Z - Client: Calling getCurrentUserResident() and getTransactionTypes()...
2026-06-29T03:21:52.077Z - Client: Calling getCurrentUserResident() and getTransactionTypes()...
2026-06-29T03:21:58.237Z - Client: getCurrentUserResident() and getTransactionTypes() resolved
2026-06-29T03:21:58.257Z - Client: getCurrentUserResident() and getTransactionTypes() resolved
2026-06-29T03:21:58.278Z - Client: Found dbType ID: cmqymmg23000av5ncllwd7wt2
2026-06-29T03:21:58.298Z - Client: Found dbType ID: cmqymmg23000av5ncllwd7wt2
2026-06-29T03:21:58.319Z - Client: init() try block successfully finished
2026-06-29T03:21:58.337Z - Client: init() try block successfully finished
2026-06-29T03:21:58.357Z - Client: init() finally block (setting loading=false)
2026-06-29T03:21:58.378Z - Client: init() finally block (setting loading=false)
2026-06-29T03:24:28.484Z - Client: init() started
2026-06-29T03:24:29.294Z - Client: init() started
2026-06-29T03:24:29.314Z - Client: Calling ensureCivilRegistryTransactionTypes()...
2026-06-29T03:24:29.340Z - Client: Calling ensureCivilRegistryTransactionTypes()...
2026-06-29T03:24:38.957Z - Client: ensureCivilRegistryTransactionTypes() finished
2026-06-29T03:24:38.975Z - Client: ensureCivilRegistryTransactionTypes() finished
2026-06-29T03:24:38.992Z - Client: Calling getCurrentUserResident() and getTransactionTypes()...
2026-06-29T03:24:39.009Z - Client: Calling getCurrentUserResident() and getTransactionTypes()...
2026-06-29T03:24:41.515Z - Client: getCurrentUserResident() and getTransactionTypes() resolved
2026-06-29T03:24:41.531Z - Client: getCurrentUserResident() and getTransactionTypes() resolved
2026-06-29T03:24:41.547Z - Client: Found dbType ID: cmqymmg23000av5ncllwd7wt2
2026-06-29T03:24:41.569Z - Client: Found dbType ID: cmqymmg23000av5ncllwd7wt2
2026-06-29T03:24:41.586Z - Client: init() try block successfully finished
2026-06-29T03:24:41.603Z - Client: init() try block successfully finished
2026-06-29T03:24:41.618Z - Client: init() finally block (setting loading=false)
2026-06-29T03:24:41.637Z - Client: init() finally block (setting loading=false)
2026-06-29T03:29:34.655Z - Client: init() started
2026-06-29T03:29:35.507Z - Client: init() started
2026-06-29T03:29:35.855Z - Client: Calling ensureCivilRegistryTransactionTypes()...
2026-06-29T03:29:35.874Z - Client: Calling ensureCivilRegistryTransactionTypes()...
2026-06-29T03:29:41.053Z - Client: ensureCivilRegistryTransactionTypes() finished
2026-06-29T03:29:41.070Z - Client: Calling getCurrentUserResident() and getTransactionTypes()...
2026-06-29T03:29:42.317Z - Client: ensureCivilRegistryTransactionTypes() finished
2026-06-29T03:29:42.341Z - Client: Calling getCurrentUserResident() and getTransactionTypes()...
2026-06-29T03:29:42.958Z - Client: getCurrentUserResident() and getTransactionTypes() resolved
2026-06-29T03:29:42.978Z - Client: Found dbType ID: cmqymmg23000av5ncllwd7wt2
2026-06-29T03:29:42.997Z - Client: init() try block successfully finished
2026-06-29T03:29:43.016Z - Client: init() finally block (setting loading=false)
2026-06-29T03:29:43.309Z - Client: getCurrentUserResident() and getTransactionTypes() resolved
2026-06-29T03:29:43.339Z - Client: Found dbType ID: cmqymmg23000av5ncllwd7wt2
2026-06-29T03:29:43.357Z - Client: init() try block successfully finished
2026-06-29T03:29:43.377Z - Client: init() finally block (setting loading=false)
2026-06-29T05:22:46.458Z - Client: init() started
2026-06-29T05:22:47.435Z - Client: init() started
2026-06-29T05:22:47.464Z - Client: Calling ensureCivilRegistryTransactionTypes()...
2026-06-29T05:22:47.488Z - Client: Calling ensureCivilRegistryTransactionTypes()...
2026-06-29T05:22:57.335Z - Client: ensureCivilRegistryTransactionTypes() finished
2026-06-29T05:22:57.365Z - Client: ensureCivilRegistryTransactionTypes() finished
2026-06-29T05:22:57.383Z - Client: Calling getCurrentUserResident() and getTransactionTypes()...
2026-06-29T05:22:57.415Z - Client: Calling getCurrentUserResident() and getTransactionTypes()...
2026-06-29T05:23:00.383Z - Client: getCurrentUserResident() and getTransactionTypes() resolved
2026-06-29T05:23:00.406Z - Client: getCurrentUserResident() and getTransactionTypes() resolved
2026-06-29T05:23:00.432Z - Client: Found dbType ID: cmqymmg23000av5ncllwd7wt2
2026-06-29T05:23:00.451Z - Client: Found dbType ID: cmqymmg23000av5ncllwd7wt2
2026-06-29T05:23:00.474Z - Client: init() try block successfully finished
2026-06-29T05:23:00.492Z - Client: init() try block successfully finished
2026-06-29T05:23:00.518Z - Client: init() finally block (setting loading=false)
2026-06-29T05:23:00.543Z - Client: init() finally block (setting loading=false)
2026-06-29T05:24:23.617Z - Client: init() started
2026-06-29T05:24:23.640Z - Client: Calling ensureCivilRegistryTransactionTypes()...
2026-06-29T05:24:28.749Z - Client: ensureCivilRegistryTransactionTypes() finished
2026-06-29T05:24:28.792Z - Client: Calling getCurrentUserResident() and getTransactionTypes()...
2026-06-29T05:24:30.342Z - Client: getCurrentUserResident() and getTransactionTypes() resolved
2026-06-29T05:24:30.365Z - Client: Found dbType ID: cmqymmg23000av5ncllwd7wt2
2026-06-29T05:24:30.388Z - Client: init() try block successfully finished
2026-06-29T05:24:30.407Z - Client: init() finally block (setting loading=false)
2026-06-29T05:24:45.286Z - Client: init() started
2026-06-29T05:24:46.080Z - Client: init() started
2026-06-29T05:24:46.445Z - Client: Calling ensureCivilRegistryTransactionTypes()...
2026-06-29T05:24:46.468Z - Client: Calling ensureCivilRegistryTransactionTypes()...
2026-06-29T05:24:51.870Z - Client: ensureCivilRegistryTransactionTypes() finished
2026-06-29T05:24:51.895Z - Client: ensureCivilRegistryTransactionTypes() finished
2026-06-29T05:24:51.916Z - Client: Calling getCurrentUserResident() and getTransactionTypes()...
2026-06-29T05:24:51.943Z - Client: Calling getCurrentUserResident() and getTransactionTypes()...
2026-06-29T05:24:53.189Z - Client: getCurrentUserResident() and getTransactionTypes() resolved
2026-06-29T05:24:53.227Z - Client: Found dbType ID: cmqymmg23000av5ncllwd7wt2
2026-06-29T05:24:53.247Z - Client: init() try block successfully finished
2026-06-29T05:24:53.284Z - Client: init() finally block (setting loading=false)
2026-06-29T05:24:53.676Z - Client: getCurrentUserResident() and getTransactionTypes() resolved
2026-06-29T05:24:53.699Z - Client: Found dbType ID: cmqymmg23000av5ncllwd7wt2
2026-06-29T05:24:53.715Z - Client: init() try block successfully finished
2026-06-29T05:24:53.732Z - Client: init() finally block (setting loading=false)
2026-06-29T05:25:27.318Z - Client: init() started
2026-06-29T05:25:28.088Z - Client: init() started
2026-06-29T05:25:28.430Z - Client: Calling ensureCivilRegistryTransactionTypes()...
2026-06-29T05:25:28.456Z - Client: Calling ensureCivilRegistryTransactionTypes()...
2026-06-29T05:25:32.746Z - Client: ensureCivilRegistryTransactionTypes() finished
2026-06-29T05:25:32.768Z - Client: Calling getCurrentUserResident() and getTransactionTypes()...
2026-06-29T05:25:33.674Z - Client: ensureCivilRegistryTransactionTypes() finished
2026-06-29T05:25:33.691Z - Client: Calling getCurrentUserResident() and getTransactionTypes()...
2026-06-29T05:25:34.061Z - Client: getCurrentUserResident() and getTransactionTypes() resolved
2026-06-29T05:25:34.084Z - Client: Found dbType ID: cmqymmg23000av5ncllwd7wt2
2026-06-29T05:25:34.102Z - Client: init() try block successfully finished
2026-06-29T05:25:34.120Z - Client: init() finally block (setting loading=false)
2026-06-29T05:25:34.601Z - Client: getCurrentUserResident() and getTransactionTypes() resolved
2026-06-29T05:25:34.627Z - Client: Found dbType ID: cmqymmg23000av5ncllwd7wt2
2026-06-29T05:25:34.643Z - Client: init() try block successfully finished
2026-06-29T05:25:34.661Z - Client: init() finally block (setting loading=false)
2026-06-29T05:26:04.243Z - Client: init() started
2026-06-29T05:26:04.262Z - Client: Calling ensureCivilRegistryTransactionTypes()...
2026-06-29T05:26:09.172Z - Client: ensureCivilRegistryTransactionTypes() finished
2026-06-29T05:26:09.201Z - Client: Calling getCurrentUserResident() and getTransactionTypes()...
2026-06-29T05:26:10.673Z - Client: getCurrentUserResident() and getTransactionTypes() resolved
2026-06-29T05:26:10.703Z - Client: Found dbType ID: cmqymmg23000av5ncllwd7wt2
2026-06-29T05:26:10.723Z - Client: init() try block successfully finished
2026-06-29T05:26:10.742Z - Client: init() finally block (setting loading=false)
2026-06-29T05:27:05.294Z - Client: init() started
2026-06-29T05:27:05.313Z - Client: Calling ensureCivilRegistryTransactionTypes()...
2026-06-29T05:27:10.196Z - Client: ensureCivilRegistryTransactionTypes() finished
2026-06-29T05:27:10.219Z - Client: Calling getCurrentUserResident() and getTransactionTypes()...
2026-06-29T05:27:11.698Z - Client: getCurrentUserResident() and getTransactionTypes() resolved
2026-06-29T05:27:11.718Z - Client: Found dbType ID: cmqymmg23000av5ncllwd7wt2
2026-06-29T05:27:11.752Z - Client: init() try block successfully finished
2026-06-29T05:27:11.776Z - Client: init() finally block (setting loading=false)
2026-06-29T05:28:01.071Z - Client: init() started
2026-06-29T05:28:02.232Z - Client: init() started
2026-06-29T05:28:02.253Z - Client: Calling ensureCivilRegistryTransactionTypes()...
2026-06-29T05:28:02.278Z - Client: Calling ensureCivilRegistryTransactionTypes()...
2026-06-29T05:28:10.597Z - Client: ensureCivilRegistryTransactionTypes() finished
2026-06-29T05:28:10.620Z - Client: ensureCivilRegistryTransactionTypes() finished
2026-06-29T05:28:10.642Z - Client: Calling getCurrentUserResident() and getTransactionTypes()...
2026-06-29T05:28:10.669Z - Client: Calling getCurrentUserResident() and getTransactionTypes()...
2026-06-29T05:28:13.319Z - Client: getCurrentUserResident() and getTransactionTypes() resolved
2026-06-29T05:28:13.337Z - Client: getCurrentUserResident() and getTransactionTypes() resolved
2026-06-29T05:28:13.361Z - Client: Found dbType ID: cmqymmg23000av5ncllwd7wt2
2026-06-29T05:28:13.390Z - Client: Found dbType ID: cmqymmg23000av5ncllwd7wt2
2026-06-29T05:28:13.406Z - Client: init() try block successfully finished
2026-06-29T05:28:13.425Z - Client: init() try block successfully finished
2026-06-29T05:28:13.444Z - Client: init() finally block (setting loading=false)
2026-06-29T05:28:13.464Z - Client: init() finally block (setting loading=false)
2026-06-29T05:33:19.290Z - Client: init() started
2026-06-29T05:33:20.435Z - Client: init() started
2026-06-29T05:33:20.454Z - Client: Calling ensureCivilRegistryTransactionTypes()...
2026-06-29T05:33:20.477Z - Client: Calling ensureCivilRegistryTransactionTypes()...
2026-06-29T05:33:28.931Z - Client: ensureCivilRegistryTransactionTypes() finished
2026-06-29T05:33:28.957Z - Client: ensureCivilRegistryTransactionTypes() finished
2026-06-29T05:33:28.990Z - Client: Calling getCurrentUserResident() and getTransactionTypes()...
2026-06-29T05:33:29.024Z - Client: Calling getCurrentUserResident() and getTransactionTypes()...
2026-06-29T05:33:31.572Z - Client: getCurrentUserResident() and getTransactionTypes() resolved
2026-06-29T05:33:31.596Z - Client: getCurrentUserResident() and getTransactionTypes() resolved
2026-06-29T05:33:31.630Z - Client: Found dbType ID: cmqymmg23000av5ncllwd7wt2
2026-06-29T05:33:31.659Z - Client: Found dbType ID: cmqymmg23000av5ncllwd7wt2
2026-06-29T05:33:31.691Z - Client: init() try block successfully finished
2026-06-29T05:33:31.718Z - Client: init() try block successfully finished
2026-06-29T05:33:31.747Z - Client: init() finally block (setting loading=false)
2026-06-29T05:33:31.784Z - Client: init() finally block (setting loading=false)
2026-06-29T05:34:11.839Z - Client: init() started
2026-06-29T05:34:13.207Z - Client: init() started
2026-06-29T05:34:13.230Z - Client: Calling ensureCivilRegistryTransactionTypes()...
2026-06-29T05:34:13.252Z - Client: Calling ensureCivilRegistryTransactionTypes()...
2026-06-29T05:34:22.983Z - Client: ensureCivilRegistryTransactionTypes() finished
2026-06-29T05:34:23.008Z - Client: ensureCivilRegistryTransactionTypes() finished
2026-06-29T05:34:23.053Z - Client: Calling getCurrentUserResident() and getTransactionTypes()...
2026-06-29T05:34:23.096Z - Client: Calling getCurrentUserResident() and getTransactionTypes()...
2026-06-29T05:34:26.197Z - Client: getCurrentUserResident() and getTransactionTypes() resolved
2026-06-29T05:34:26.217Z - Client: getCurrentUserResident() and getTransactionTypes() resolved
2026-06-29T05:34:26.241Z - Client: Found dbType ID: cmqymmg23000av5ncllwd7wt2
2026-06-29T05:34:26.271Z - Client: Found dbType ID: cmqymmg23000av5ncllwd7wt2
2026-06-29T05:34:26.299Z - Client: init() try block successfully finished
2026-06-29T05:34:26.324Z - Client: init() try block successfully finished
2026-06-29T05:34:26.350Z - Client: init() finally block (setting loading=false)
2026-06-29T05:34:26.380Z - Client: init() finally block (setting loading=false)
2026-06-29T05:35:31.948Z - Client: init() started
2026-06-29T05:35:33.252Z - Client: init() started
2026-06-29T05:35:33.270Z - Client: Calling ensureCivilRegistryTransactionTypes()...
2026-06-29T05:35:33.291Z - Client: Calling ensureCivilRegistryTransactionTypes()...
2026-06-29T05:35:43.451Z - Client: ensureCivilRegistryTransactionTypes() finished
2026-06-29T05:35:43.475Z - Client: ensureCivilRegistryTransactionTypes() finished
2026-06-29T05:35:43.493Z - Client: Calling getCurrentUserResident() and getTransactionTypes()...
2026-06-29T05:35:43.511Z - Client: Calling getCurrentUserResident() and getTransactionTypes()...
2026-06-29T05:35:46.743Z - Client: getCurrentUserResident() and getTransactionTypes() resolved
2026-06-29T05:35:46.769Z - Client: getCurrentUserResident() and getTransactionTypes() resolved
2026-06-29T05:35:46.789Z - Client: Found dbType ID: cmqymmg23000av5ncllwd7wt2
2026-06-29T05:35:46.809Z - Client: Found dbType ID: cmqymmg23000av5ncllwd7wt2
2026-06-29T05:35:46.828Z - Client: init() try block successfully finished
2026-06-29T05:35:46.848Z - Client: init() try block successfully finished
2026-06-29T05:35:46.868Z - Client: init() finally block (setting loading=false)
2026-06-29T05:35:46.888Z - Client: init() finally block (setting loading=false)
2026-06-29T05:37:57.746Z - Client: init() started
2026-06-29T05:37:58.896Z - Client: init() started
2026-06-29T05:37:58.919Z - Client: Calling ensureCivilRegistryTransactionTypes()...
2026-06-29T05:37:58.945Z - Client: Calling ensureCivilRegistryTransactionTypes()...
2026-06-29T05:38:07.261Z - Client: ensureCivilRegistryTransactionTypes() finished
2026-06-29T05:38:07.279Z - Client: ensureCivilRegistryTransactionTypes() finished
2026-06-29T05:38:07.304Z - Client: Calling getCurrentUserResident() and getTransactionTypes()...
2026-06-29T05:38:07.327Z - Client: Calling getCurrentUserResident() and getTransactionTypes()...
2026-06-29T05:38:09.902Z - Client: getCurrentUserResident() and getTransactionTypes() resolved
2026-06-29T05:38:09.921Z - Client: getCurrentUserResident() and getTransactionTypes() resolved
2026-06-29T05:38:09.940Z - Client: Found dbType ID: cmqymmg23000av5ncllwd7wt2
2026-06-29T05:38:09.957Z - Client: Found dbType ID: cmqymmg23000av5ncllwd7wt2
2026-06-29T05:38:09.977Z - Client: init() try block successfully finished
2026-06-29T05:38:10.001Z - Client: init() try block successfully finished
2026-06-29T05:38:10.018Z - Client: init() finally block (setting loading=false)
2026-06-29T05:38:10.037Z - Client: init() finally block (setting loading=false)
2026-06-29T05:39:40.797Z - Client: init() started
2026-06-29T05:39:41.556Z - Client: init() started
2026-06-29T05:39:42.169Z - Client: init() started
2026-06-29T05:39:42.192Z - Client: Calling ensureCivilRegistryTransactionTypes()...
2026-06-29T05:39:42.213Z - Client: Calling ensureCivilRegistryTransactionTypes()...
2026-06-29T05:39:42.943Z - Client: init() started
2026-06-29T05:39:42.976Z - Client: Calling ensureCivilRegistryTransactionTypes()...
2026-06-29T05:39:43.014Z - Client: Calling ensureCivilRegistryTransactionTypes()...
2026-06-29T05:39:52.309Z - Client: ensureCivilRegistryTransactionTypes() finished
2026-06-29T05:39:52.335Z - Client: ensureCivilRegistryTransactionTypes() finished
2026-06-29T05:39:52.358Z - Client: Calling getCurrentUserResident() and getTransactionTypes()...
2026-06-29T05:39:52.384Z - Client: Calling getCurrentUserResident() and getTransactionTypes()...
2026-06-29T05:39:52.666Z - Client: ensureCivilRegistryTransactionTypes() finished
2026-06-29T05:39:52.691Z - Client: ensureCivilRegistryTransactionTypes() finished
2026-06-29T05:39:52.711Z - Client: Calling getCurrentUserResident() and getTransactionTypes()...
2026-06-29T05:39:52.734Z - Client: Calling getCurrentUserResident() and getTransactionTypes()...
2026-06-29T05:39:55.518Z - Client: getCurrentUserResident() and getTransactionTypes() resolved
2026-06-29T05:39:55.541Z - Client: getCurrentUserResident() and getTransactionTypes() resolved
2026-06-29T05:39:55.567Z - Client: Found dbType ID: cmqymmg23000av5ncllwd7wt2
2026-06-29T05:39:55.589Z - Client: Found dbType ID: cmqymmg23000av5ncllwd7wt2
2026-06-29T05:39:55.610Z - Client: init() try block successfully finished
2026-06-29T05:39:55.641Z - Client: init() try block successfully finished
2026-06-29T05:39:55.663Z - Client: init() finally block (setting loading=false)
2026-06-29T05:39:55.688Z - Client: init() finally block (setting loading=false)
2026-06-29T05:39:56.142Z - Client: getCurrentUserResident() and getTransactionTypes() resolved
2026-06-29T05:39:56.165Z - Client: getCurrentUserResident() and getTransactionTypes() resolved
2026-06-29T05:39:56.187Z - Client: Found dbType ID: cmqymmg23000av5ncllwd7wt2
2026-06-29T05:39:56.203Z - Client: Found dbType ID: cmqymmg23000av5ncllwd7wt2
2026-06-29T05:39:56.220Z - Client: init() try block successfully finished
2026-06-29T05:39:56.238Z - Client: init() try block successfully finished
2026-06-29T05:39:56.258Z - Client: init() finally block (setting loading=false)
2026-06-29T05:39:56.278Z - Client: init() finally block (setting loading=false)
2026-06-29T05:41:18.529Z - Client: init() started
2026-06-29T05:41:19.675Z - Client: init() started
2026-06-29T05:41:19.694Z - Client: Calling ensureCivilRegistryTransactionTypes()...
2026-06-29T05:41:19.712Z - Client: Calling ensureCivilRegistryTransactionTypes()...
2026-06-29T05:41:28.087Z - Client: ensureCivilRegistryTransactionTypes() finished
2026-06-29T05:41:28.105Z - Client: ensureCivilRegistryTransactionTypes() finished
2026-06-29T05:41:28.133Z - Client: Calling getCurrentUserResident() and getTransactionTypes()...
2026-06-29T05:41:28.152Z - Client: Calling getCurrentUserResident() and getTransactionTypes()...
2026-06-29T05:41:30.646Z - Client: getCurrentUserResident() and getTransactionTypes() resolved
2026-06-29T05:41:30.665Z - Client: getCurrentUserResident() and getTransactionTypes() resolved
2026-06-29T05:41:30.683Z - Client: Found dbType ID: cmqymmg23000av5ncllwd7wt2
2026-06-29T05:41:30.703Z - Client: Found dbType ID: cmqymmg23000av5ncllwd7wt2
2026-06-29T05:41:30.721Z - Client: init() try block successfully finished
2026-06-29T05:41:30.739Z - Client: init() try block successfully finished
2026-06-29T05:41:30.759Z - Client: init() finally block (setting loading=false)
2026-06-29T05:41:30.785Z - Client: init() finally block (setting loading=false)
2026-06-29T05:42:17.147Z - Client: init() started
2026-06-29T05:42:18.286Z - Client: init() started
2026-06-29T05:42:18.305Z - Client: Calling ensureCivilRegistryTransactionTypes()...
2026-06-29T05:42:18.326Z - Client: Calling ensureCivilRegistryTransactionTypes()...
2026-06-29T05:42:26.728Z - Client: ensureCivilRegistryTransactionTypes() finished
2026-06-29T05:42:26.752Z - Client: ensureCivilRegistryTransactionTypes() finished
2026-06-29T05:42:26.776Z - Client: Calling getCurrentUserResident() and getTransactionTypes()...
2026-06-29T05:42:26.794Z - Client: Calling getCurrentUserResident() and getTransactionTypes()...
2026-06-29T05:42:29.326Z - Client: getCurrentUserResident() and getTransactionTypes() resolved
2026-06-29T05:42:29.342Z - Client: getCurrentUserResident() and getTransactionTypes() resolved
2026-06-29T05:42:29.364Z - Client: Found dbType ID: cmqymmg23000av5ncllwd7wt2
2026-06-29T05:42:29.382Z - Client: Found dbType ID: cmqymmg23000av5ncllwd7wt2
2026-06-29T05:42:29.404Z - Client: init() try block successfully finished
2026-06-29T05:42:29.441Z - Client: init() try block successfully finished
2026-06-29T05:42:29.460Z - Client: init() finally block (setting loading=false)
2026-06-29T05:42:29.478Z - Client: init() finally block (setting loading=false)
2026-07-07T01:38:31.773Z - Client: init() started
2026-07-07T01:38:32.618Z - Client: init() started
2026-07-07T01:38:32.639Z - Client: Calling ensureCivilRegistryTransactionTypes()...
2026-07-07T01:38:32.663Z - Client: Calling ensureCivilRegistryTransactionTypes()...
2026-07-07T01:38:40.976Z - Client: ensureCivilRegistryTransactionTypes() finished
2026-07-07T01:38:41.003Z - Client: ensureCivilRegistryTransactionTypes() finished
2026-07-07T01:38:41.027Z - Client: Calling getCurrentUserResident() and getTransactionTypes()...
2026-07-07T01:38:41.049Z - Client: Calling getCurrentUserResident() and getTransactionTypes()...
2026-07-07T01:38:43.683Z - Client: getCurrentUserResident() and getTransactionTypes() resolved
2026-07-07T01:38:43.708Z - Client: getCurrentUserResident() and getTransactionTypes() resolved
2026-07-07T01:38:43.731Z - Client: Found dbType ID: cmqymmg23000av5ncllwd7wt2
2026-07-07T01:38:43.751Z - Client: Found dbType ID: cmqymmg23000av5ncllwd7wt2
2026-07-07T01:38:43.774Z - Client: init() try block successfully finished
2026-07-07T01:38:43.798Z - Client: init() try block successfully finished
2026-07-07T01:38:43.821Z - Client: init() finally block (setting loading=false)
2026-07-07T01:38:43.843Z - Client: init() finally block (setting loading=false)
2026-07-07T01:49:54.567Z - Client: init() started
2026-07-07T01:49:55.500Z - Client: init() started
2026-07-07T01:49:55.526Z - Client: Calling ensureCivilRegistryTransactionTypes()...
2026-07-07T01:49:55.550Z - Client: Calling ensureCivilRegistryTransactionTypes()...
2026-07-07T01:50:04.296Z - Client: ensureCivilRegistryTransactionTypes() finished
2026-07-07T01:50:04.326Z - Client: ensureCivilRegistryTransactionTypes() finished
2026-07-07T01:50:04.354Z - Client: Calling getCurrentUserResident() and getTransactionTypes()...
2026-07-07T01:50:04.383Z - Client: Calling getCurrentUserResident() and getTransactionTypes()...
2026-07-07T01:50:08.818Z - Client: getCurrentUserResident() and getTransactionTypes() resolved
2026-07-07T01:50:08.846Z - Client: getCurrentUserResident() and getTransactionTypes() resolved
2026-07-07T01:50:08.869Z - Client: Found dbType ID: cmqymmg23000av5ncllwd7wt2
2026-07-07T01:50:08.889Z - Client: Found dbType ID: cmqymmg23000av5ncllwd7wt2
2026-07-07T01:50:08.914Z - Client: init() try block successfully finished
2026-07-07T01:50:08.942Z - Client: init() try block successfully finished
2026-07-07T01:50:08.967Z - Client: init() finally block (setting loading=false)
2026-07-07T01:50:08.993Z - Client: init() finally block (setting loading=false)
2026-07-07T02:05:50.884Z - Client: init() started
2026-07-07T02:05:51.752Z - Client: init() started
2026-07-07T02:05:51.778Z - Client: Calling ensureCivilRegistryTransactionTypes()...
2026-07-07T02:05:51.807Z - Client: Calling ensureCivilRegistryTransactionTypes()...
2026-07-07T02:06:02.190Z - Client: ensureCivilRegistryTransactionTypes() finished
2026-07-07T02:06:02.243Z - Client: ensureCivilRegistryTransactionTypes() finished
2026-07-07T02:06:02.267Z - Client: Calling getCurrentUserResident() and getTransactionTypes()...
2026-07-07T02:06:02.294Z - Client: Calling getCurrentUserResident() and getTransactionTypes()...
2026-07-07T02:06:06.408Z - Client: getCurrentUserResident() and getTransactionTypes() resolved
2026-07-07T02:06:06.438Z - Client: getCurrentUserResident() and getTransactionTypes() resolved
2026-07-07T02:06:06.463Z - Client: Found dbType ID: cmqymmg23000av5ncllwd7wt2
2026-07-07T02:06:06.485Z - Client: Found dbType ID: cmqymmg23000av5ncllwd7wt2
2026-07-07T02:06:06.512Z - Client: init() try block successfully finished
2026-07-07T02:06:06.537Z - Client: init() try block successfully finished
2026-07-07T02:06:06.557Z - Client: init() finally block (setting loading=false)
2026-07-07T02:06:06.585Z - Client: init() finally block (setting loading=false)
2026-07-07T02:18:07.846Z - Client: init() started
2026-07-07T02:18:08.730Z - Client: init() started
2026-07-07T02:18:09.581Z - Client: init() started
2026-07-07T02:18:09.603Z - Client: Calling ensureCivilRegistryTransactionTypes()...
2026-07-07T02:18:09.624Z - Client: Calling ensureCivilRegistryTransactionTypes()...
2026-07-07T02:18:09.648Z - Client: Calling ensureCivilRegistryTransactionTypes()...
2026-07-07T02:18:22.803Z - Client: ensureCivilRegistryTransactionTypes() finished
2026-07-07T02:18:22.831Z - Client: ensureCivilRegistryTransactionTypes() finished
2026-07-07T02:18:22.853Z - Client: ensureCivilRegistryTransactionTypes() finished
2026-07-07T02:18:22.873Z - Client: Calling getCurrentUserResident() and getTransactionTypes()...
2026-07-07T02:18:22.899Z - Client: Calling getCurrentUserResident() and getTransactionTypes()...
2026-07-07T02:18:22.919Z - Client: Calling getCurrentUserResident() and getTransactionTypes()...
2026-07-07T02:18:29.035Z - Client: getCurrentUserResident() and getTransactionTypes() resolved
2026-07-07T02:18:29.060Z - Client: getCurrentUserResident() and getTransactionTypes() resolved
2026-07-07T02:18:29.084Z - Client: getCurrentUserResident() and getTransactionTypes() resolved
2026-07-07T02:18:29.109Z - Client: Found dbType ID: cmqymmg23000av5ncllwd7wt2
2026-07-07T02:18:29.134Z - Client: Found dbType ID: cmqymmg23000av5ncllwd7wt2
2026-07-07T02:18:29.162Z - Client: Found dbType ID: cmqymmg23000av5ncllwd7wt2
2026-07-07T02:18:29.187Z - Client: init() try block successfully finished
2026-07-07T02:18:29.214Z - Client: init() try block successfully finished
2026-07-07T02:18:29.241Z - Client: init() try block successfully finished
2026-07-07T02:18:29.273Z - Client: init() finally block (setting loading=false)
2026-07-07T02:18:29.300Z - Client: init() finally block (setting loading=false)
2026-07-07T02:18:29.331Z - Client: init() finally block (setting loading=false)
2026-07-07T02:30:33.474Z - Client: init() started
2026-07-07T02:30:34.902Z - Client: init() started
2026-07-07T02:30:34.931Z - Client: Calling ensureCivilRegistryTransactionTypes()...
2026-07-07T02:30:34.958Z - Client: Calling ensureCivilRegistryTransactionTypes()...
2026-07-07T02:30:48.459Z - Client: ensureCivilRegistryTransactionTypes() finished
2026-07-07T02:30:50.014Z - Client: ensureCivilRegistryTransactionTypes() finished
2026-07-07T02:30:50.870Z - Client: init() started
2026-07-07T02:30:51.049Z - Client: init() started
2026-07-07T02:30:51.596Z - Client: Calling getCurrentUserResident() and getTransactionTypes()...
2026-07-07T02:30:51.644Z - Client: Calling getCurrentUserResident() and getTransactionTypes()...
2026-07-07T02:30:51.693Z - Client: Calling ensureCivilRegistryTransactionTypes()...
2026-07-07T02:30:51.717Z - Client: Calling ensureCivilRegistryTransactionTypes()...
2026-07-07T02:30:54.114Z - Client: getCurrentUserResident() and getTransactionTypes() resolved
2026-07-07T02:30:54.136Z - Client: getCurrentUserResident() and getTransactionTypes() resolved
2026-07-07T02:30:54.160Z - Client: Found dbType ID: cmqymmg23000av5ncllwd7wt2
2026-07-07T02:30:54.182Z - Client: Found dbType ID: cmqymmg23000av5ncllwd7wt2
2026-07-07T02:30:54.219Z - Client: init() try block successfully finished
2026-07-07T02:30:54.241Z - Client: init() try block successfully finished
2026-07-07T02:30:54.267Z - Client: init() finally block (setting loading=false)
2026-07-07T02:30:54.286Z - Client: init() finally block (setting loading=false)
2026-07-07T02:30:58.315Z - Client: ensureCivilRegistryTransactionTypes() finished
2026-07-07T02:30:58.356Z - Client: Calling getCurrentUserResident() and getTransactionTypes()...
2026-07-07T02:31:02.358Z - Client: getCurrentUserResident() and getTransactionTypes() resolved
2026-07-07T02:31:02.379Z - Client: ensureCivilRegistryTransactionTypes() finished
2026-07-07T02:31:03.493Z - Client: Found dbType ID: cmqymmg23000av5ncllwd7wt2
2026-07-07T02:31:03.515Z - Client: Calling getCurrentUserResident() and getTransactionTypes()...
2026-07-07T02:31:04.622Z - Client: init() try block successfully finished
2026-07-07T02:31:07.592Z - Client: init() finally block (setting loading=false)
2026-07-07T02:31:08.925Z - Client: getCurrentUserResident() and getTransactionTypes() resolved
2026-07-07T02:31:09.470Z - Client: Found dbType ID: cmqymmg23000av5ncllwd7wt2
2026-07-07T02:31:09.730Z - Client: init() started
2026-07-07T02:31:09.808Z - Client: init() started
2026-07-07T02:31:09.860Z - Client: init() try block successfully finished
2026-07-07T02:31:09.884Z - Client: Calling ensureCivilRegistryTransactionTypes()...
2026-07-07T02:31:09.926Z - Client: init() finally block (setting loading=false)
2026-07-07T02:31:09.941Z - Client: Calling ensureCivilRegistryTransactionTypes()...
2026-07-07T02:31:14.393Z - Client: ensureCivilRegistryTransactionTypes() finished
2026-07-07T02:31:14.422Z - Client: Calling getCurrentUserResident() and getTransactionTypes()...
2026-07-07T02:31:15.158Z - Client: ensureCivilRegistryTransactionTypes() finished
2026-07-07T02:31:15.208Z - Client: Calling getCurrentUserResident() and getTransactionTypes()...
2026-07-07T02:31:15.978Z - Client: getCurrentUserResident() and getTransactionTypes() resolved
2026-07-07T02:31:15.999Z - Client: Found dbType ID: cmqymmg23000av5ncllwd7wt2
2026-07-07T02:31:16.025Z - Client: init() try block successfully finished
2026-07-07T02:31:16.048Z - Client: init() finally block (setting loading=false)
2026-07-07T02:31:16.540Z - Client: getCurrentUserResident() and getTransactionTypes() resolved
2026-07-07T02:31:16.592Z - Client: Found dbType ID: cmqymmg23000av5ncllwd7wt2
2026-07-07T02:31:16.643Z - Client: init() try block successfully finished
2026-07-07T02:31:16.685Z - Client: init() finally block (setting loading=false)
2026-07-07T02:31:26.214Z - Client: init() started
2026-07-07T02:31:27.045Z - Client: init() started
2026-07-07T02:31:27.458Z - Client: Calling ensureCivilRegistryTransactionTypes()...
2026-07-07T02:31:27.482Z - Client: Calling ensureCivilRegistryTransactionTypes()...
2026-07-07T02:31:32.687Z - Client: ensureCivilRegistryTransactionTypes() finished
2026-07-07T02:31:32.709Z - Client: Calling getCurrentUserResident() and getTransactionTypes()...
2026-07-07T02:31:33.847Z - Client: ensureCivilRegistryTransactionTypes() finished
2026-07-07T02:31:33.871Z - Client: Calling getCurrentUserResident() and getTransactionTypes()...
2026-07-07T02:31:33.909Z - Client: getCurrentUserResident() and getTransactionTypes() resolved
2026-07-07T02:31:34.999Z - Client: Found dbType ID: cmqymmg23000av5ncllwd7wt2
2026-07-07T02:31:35.013Z - Client: getCurrentUserResident() and getTransactionTypes() resolved
2026-07-07T02:31:35.039Z - Client: init() try block successfully finished
2026-07-07T02:31:35.052Z - Client: Found dbType ID: cmqymmg23000av5ncllwd7wt2
2026-07-07T02:31:35.084Z - Client: init() finally block (setting loading=false)
2026-07-07T02:31:35.099Z - Client: init() try block successfully finished
2026-07-07T02:31:35.147Z - Client: init() finally block (setting loading=false)
2026-07-07T02:37:57.851Z - Client: init() started
2026-07-07T02:37:58.291Z - Client: init() started
2026-07-07T02:37:58.659Z - Client: Calling ensureCivilRegistryTransactionTypes()...
2026-07-07T02:37:58.703Z - Client: Calling ensureCivilRegistryTransactionTypes()...
2026-07-07T02:38:03.337Z - Client: ensureCivilRegistryTransactionTypes() finished
2026-07-07T02:38:03.358Z - Client: Calling getCurrentUserResident() and getTransactionTypes()...
2026-07-07T02:38:04.339Z - Client: ensureCivilRegistryTransactionTypes() finished
2026-07-07T02:38:04.369Z - Client: Calling getCurrentUserResident() and getTransactionTypes()...
2026-07-07T02:38:05.436Z - Client: getCurrentUserResident() and getTransactionTypes() resolved
2026-07-07T02:38:05.458Z - Client: Found dbType ID: cmqymmg23000av5ncllwd7wt2
2026-07-07T02:38:05.480Z - Client: init() try block successfully finished
2026-07-07T02:38:05.508Z - Client: init() finally block (setting loading=false)
2026-07-07T02:38:05.859Z - Client: getCurrentUserResident() and getTransactionTypes() resolved
2026-07-07T02:38:05.892Z - Client: Found dbType ID: cmqymmg23000av5ncllwd7wt2
2026-07-07T02:38:05.917Z - Client: init() try block successfully finished
2026-07-07T02:38:05.937Z - Client: init() finally block (setting loading=false)
2026-07-09T01:27:29.832Z - Client: init() started
2026-07-09T01:27:30.623Z - Client: init() started
2026-07-09T01:27:30.757Z - Client: Calling ensureCivilRegistryTransactionTypes()...
2026-07-09T01:27:30.800Z - Client: Calling ensureCivilRegistryTransactionTypes()...
2026-07-09T01:27:35.792Z - Client: ensureCivilRegistryTransactionTypes() finished
2026-07-09T01:27:35.834Z - Client: Calling getCurrentUserResident() and getTransactionTypes()...
2026-07-09T01:27:36.986Z - Client: ensureCivilRegistryTransactionTypes() finished
2026-07-09T01:27:37.021Z - Client: Calling getCurrentUserResident() and getTransactionTypes()...
2026-07-09T01:27:38.148Z - Client: getCurrentUserResident() and getTransactionTypes() resolved
2026-07-09T01:27:38.180Z - Client: Found dbType ID: cmqymmg23000av5ncllwd7wt2
2026-07-09T01:27:38.196Z - Client: getCurrentUserResident() and getTransactionTypes() resolved
2026-07-09T01:27:38.234Z - Client: Found dbType ID: cmqymmg23000av5ncllwd7wt2
2026-07-09T01:27:38.250Z - Client: init() try block successfully finished
2026-07-09T01:27:38.288Z - Client: init() finally block (setting loading=false)
2026-07-09T01:27:38.299Z - Client: init() try block successfully finished
2026-07-09T01:27:38.353Z - Client: init() finally block (setting loading=false)
2026-07-09T01:28:13.043Z - Client: init() started
2026-07-09T01:28:13.998Z - Client: init() started
2026-07-09T01:28:14.032Z - Client: Calling ensureCivilRegistryTransactionTypes()...
2026-07-09T01:28:14.067Z - Client: Calling ensureCivilRegistryTransactionTypes()...
2026-07-09T01:28:23.527Z - Client: ensureCivilRegistryTransactionTypes() finished
2026-07-09T01:28:23.551Z - Client: ensureCivilRegistryTransactionTypes() finished
2026-07-09T01:28:23.603Z - Client: Calling getCurrentUserResident() and getTransactionTypes()...
2026-07-09T01:28:23.627Z - Client: Calling getCurrentUserResident() and getTransactionTypes()...
2026-07-09T01:28:34.951Z - Client: getCurrentUserResident() and getTransactionTypes() resolved
2026-07-09T01:28:34.981Z - Client: getCurrentUserResident() and getTransactionTypes() resolved
2026-07-09T01:28:35.011Z - Client: Found dbType ID: cmqymmg23000av5ncllwd7wt2
2026-07-09T01:28:35.043Z - Client: Found dbType ID: cmqymmg23000av5ncllwd7wt2
2026-07-09T01:28:35.064Z - Client: init() try block successfully finished
2026-07-09T01:28:35.094Z - Client: init() try block successfully finished
2026-07-09T01:28:35.124Z - Client: init() finally block (setting loading=false)
2026-07-09T01:28:35.156Z - Client: init() finally block (setting loading=false)
2026-07-09T02:06:36.670Z - Client: init() started
2026-07-09T02:06:37.300Z - Client: init() started
2026-07-09T02:06:38.170Z - Client: Calling ensureCivilRegistryTransactionTypes()...
2026-07-09T02:06:38.187Z - Client: Calling ensureCivilRegistryTransactionTypes()...
2026-07-09T02:06:38.600Z - Client: ensureCivilRegistryTransactionTypes() finished
2026-07-09T02:06:38.628Z - Client: Calling getCurrentUserResident() and getTransactionTypes()...
2026-07-09T02:06:38.688Z - Client: ensureCivilRegistryTransactionTypes() finished
2026-07-09T02:06:39.763Z - Client: Calling getCurrentUserResident() and getTransactionTypes()...
2026-07-09T02:06:39.778Z - Client: getCurrentUserResident() and getTransactionTypes() resolved
2026-07-09T02:06:40.820Z - Client: Found dbType ID: cmqymmg23000av5ncllwd7wt2
2026-07-09T02:06:40.850Z - Client: init() try block successfully finished
2026-07-09T02:06:40.883Z - Client: init() finally block (setting loading=false)
2026-07-09T02:06:40.938Z - Client: getCurrentUserResident() and getTransactionTypes() resolved
2026-07-09T02:06:41.002Z - Client: Found dbType ID: cmqymmg23000av5ncllwd7wt2
2026-07-09T02:06:41.044Z - Client: init() try block successfully finished
2026-07-09T02:06:41.080Z - Client: init() finally block (setting loading=false)
2026-07-09T02:13:34.768Z - Client: init() started
2026-07-09T02:13:34.812Z - Client: Calling ensureCivilRegistryTransactionTypes()...
2026-07-09T02:13:35.319Z - Client: ensureCivilRegistryTransactionTypes() finished
2026-07-09T02:13:35.358Z - Client: Calling getCurrentUserResident() and getTransactionTypes()...
2026-07-09T02:13:38.357Z - Client: getCurrentUserResident() and getTransactionTypes() resolved
2026-07-09T02:13:38.395Z - Client: Found dbType ID: cmqymmg23000av5ncllwd7wt2
2026-07-09T02:13:38.419Z - Client: init() try block successfully finished
2026-07-09T02:13:38.455Z - Client: init() finally block (setting loading=false)
2026-07-09T02:14:08.125Z - Client: init() started
2026-07-09T02:14:10.046Z - Client: init() started
2026-07-09T02:14:11.266Z - Client: init() started
2026-07-09T02:14:12.492Z - Client: init() started
2026-07-09T02:14:12.534Z - Client: Calling ensureCivilRegistryTransactionTypes()...
2026-07-09T02:14:12.561Z - Client: Calling ensureCivilRegistryTransactionTypes()...
2026-07-09T02:14:12.621Z - Client: Calling ensureCivilRegistryTransactionTypes()...
2026-07-09T02:14:12.645Z - Client: Calling ensureCivilRegistryTransactionTypes()...
2026-07-09T02:14:14.594Z - Client: ensureCivilRegistryTransactionTypes() finished
2026-07-09T02:14:14.630Z - Client: ensureCivilRegistryTransactionTypes() finished
2026-07-09T02:14:14.668Z - Client: ensureCivilRegistryTransactionTypes() finished
2026-07-09T02:14:14.705Z - Client: ensureCivilRegistryTransactionTypes() finished
2026-07-09T02:14:14.732Z - Client: Calling getCurrentUserResident() and getTransactionTypes()...
2026-07-09T02:14:14.773Z - Client: Calling getCurrentUserResident() and getTransactionTypes()...
2026-07-09T02:14:14.829Z - Client: Calling getCurrentUserResident() and getTransactionTypes()...
2026-07-09T02:14:14.866Z - Client: Calling getCurrentUserResident() and getTransactionTypes()...
2026-07-09T02:14:26.798Z - Client: getCurrentUserResident() and getTransactionTypes() resolved
2026-07-09T02:14:26.819Z - Client: getCurrentUserResident() and getTransactionTypes() resolved
2026-07-09T02:14:26.849Z - Client: getCurrentUserResident() and getTransactionTypes() resolved
2026-07-09T02:14:26.882Z - Client: getCurrentUserResident() and getTransactionTypes() resolved
2026-07-09T02:14:26.916Z - Client: Found dbType ID: cmqymmg23000av5ncllwd7wt2
2026-07-09T02:14:26.984Z - Client: Found dbType ID: cmqymmg23000av5ncllwd7wt2
2026-07-09T02:14:27.019Z - Client: Found dbType ID: cmqymmg23000av5ncllwd7wt2
2026-07-09T02:14:27.040Z - Client: Found dbType ID: cmqymmg23000av5ncllwd7wt2
2026-07-09T02:14:27.068Z - Client: init() try block successfully finished
2026-07-09T02:14:27.092Z - Client: init() try block successfully finished
2026-07-09T02:14:27.125Z - Client: init() try block successfully finished
2026-07-09T02:14:27.161Z - Client: init() try block successfully finished
2026-07-09T02:14:27.210Z - Client: init() finally block (setting loading=false)
2026-07-09T02:14:27.234Z - Client: init() finally block (setting loading=false)
2026-07-09T02:14:27.292Z - Client: init() finally block (setting loading=false)
2026-07-09T02:14:27.318Z - Client: init() finally block (setting loading=false)
2026-07-09T03:35:59.998Z - Client: init() started
2026-07-09T03:36:01.041Z - Client: init() started
2026-07-09T03:36:01.072Z - Client: Calling ensureCivilRegistryTransactionTypes()...
2026-07-09T03:36:01.110Z - Client: Calling ensureCivilRegistryTransactionTypes()...
2026-07-09T03:36:02.106Z - Client: ensureCivilRegistryTransactionTypes() finished
2026-07-09T03:36:02.144Z - Client: ensureCivilRegistryTransactionTypes() finished
2026-07-09T03:36:02.183Z - Client: Calling getCurrentUserResident() and getTransactionTypes()...
2026-07-09T03:36:02.223Z - Client: Calling getCurrentUserResident() and getTransactionTypes()...
2026-07-09T03:36:07.822Z - Client: getCurrentUserResident() and getTransactionTypes() resolved
2026-07-09T03:36:07.874Z - Client: getCurrentUserResident() and getTransactionTypes() resolved
2026-07-09T03:36:07.927Z - Client: Found dbType ID: cmqymmg23000av5ncllwd7wt2
2026-07-09T03:36:07.979Z - Client: Found dbType ID: cmqymmg23000av5ncllwd7wt2
2026-07-09T03:36:08.045Z - Client: init() try block successfully finished
2026-07-09T03:36:08.087Z - Client: init() try block successfully finished
2026-07-09T03:36:08.127Z - Client: init() finally block (setting loading=false)
2026-07-09T03:36:08.168Z - Client: init() finally block (setting loading=false)
2026-07-09T06:31:33.759Z - Client: init() started
2026-07-09T06:31:34.607Z - Client: init() started
2026-07-09T06:31:34.632Z - Client: Calling ensureCivilRegistryTransactionTypes()...
2026-07-09T06:31:34.674Z - Client: Calling ensureCivilRegistryTransactionTypes()...
2026-07-09T06:31:35.486Z - Client: ensureCivilRegistryTransactionTypes() finished
2026-07-09T06:31:35.509Z - Client: ensureCivilRegistryTransactionTypes() finished
2026-07-09T06:31:35.546Z - Client: Calling getCurrentUserResident() and getTransactionTypes()...
2026-07-09T06:31:35.582Z - Client: Calling getCurrentUserResident() and getTransactionTypes()...
2026-07-09T06:31:39.730Z - Client: getCurrentUserResident() and getTransactionTypes() resolved
2026-07-09T06:31:39.767Z - Client: getCurrentUserResident() and getTransactionTypes() resolved
2026-07-09T06:31:39.806Z - Client: Found dbType ID: cmqymmg23000av5ncllwd7wt2
2026-07-09T06:31:39.840Z - Client: Found dbType ID: cmqymmg23000av5ncllwd7wt2
2026-07-09T06:31:39.862Z - Client: init() try block successfully finished
2026-07-09T06:31:39.899Z - Client: init() try block successfully finished
2026-07-09T06:31:39.929Z - Client: init() finally block (setting loading=false)
2026-07-09T06:31:39.968Z - Client: init() finally block (setting loading=false)
2026-07-09T06:37:45.282Z - Client: init() started
2026-07-09T06:37:45.970Z - Client: init() started
2026-07-09T06:37:46.005Z - Client: Calling ensureCivilRegistryTransactionTypes()...
2026-07-09T06:37:46.043Z - Client: Calling ensureCivilRegistryTransactionTypes()...
2026-07-09T06:37:46.481Z - Client: ensureCivilRegistryTransactionTypes() finished
2026-07-09T06:37:46.525Z - Client: Calling getCurrentUserResident() and getTransactionTypes()...
2026-07-09T06:37:46.539Z - Client: ensureCivilRegistryTransactionTypes() finished
2026-07-09T06:37:47.630Z - Client: Calling getCurrentUserResident() and getTransactionTypes()...
2026-07-09T06:37:48.664Z - Client: getCurrentUserResident() and getTransactionTypes() resolved
2026-07-09T06:37:48.705Z - Client: Found dbType ID: cmqymmg23000av5ncllwd7wt2
2026-07-09T06:37:48.741Z - Client: init() try block successfully finished
2026-07-09T06:37:48.765Z - Client: init() finally block (setting loading=false)
2026-07-09T06:37:48.920Z - Client: getCurrentUserResident() and getTransactionTypes() resolved
2026-07-09T06:37:48.952Z - Client: Found dbType ID: cmqymmg23000av5ncllwd7wt2
2026-07-09T06:37:49.001Z - Client: init() try block successfully finished
2026-07-09T06:37:49.033Z - Client: init() finally block (setting loading=false)
2026-07-09T13:03:12.158Z - Client: init() started
2026-07-09T13:03:13.261Z - Client: init() started
2026-07-09T13:03:14.047Z - Client: Calling ensureCivilRegistryTransactionTypes()...
2026-07-09T13:03:14.090Z - Client: Calling ensureCivilRegistryTransactionTypes()...
2026-07-09T13:03:14.986Z - Client: ensureCivilRegistryTransactionTypes() finished
2026-07-09T13:03:15.018Z - Client: ensureCivilRegistryTransactionTypes() finished
2026-07-09T13:03:15.119Z - Client: Calling getCurrentUserResident() and getTransactionTypes()...
2026-07-09T13:03:15.147Z - Client: Calling getCurrentUserResident() and getTransactionTypes()...
2026-07-09T13:03:19.410Z - Client: getCurrentUserResident() and getTransactionTypes() resolved
2026-07-09T13:03:19.501Z - Client: Found dbType ID: cmqymmg23000av5ncllwd7wt2
2026-07-09T13:03:19.573Z - Client: init() try block successfully finished
2026-07-09T13:03:19.658Z - Client: init() finally block (setting loading=false)
2026-07-09T13:03:19.733Z - Client: getCurrentUserResident() and getTransactionTypes() resolved
2026-07-09T13:03:19.869Z - Client: Found dbType ID: cmqymmg23000av5ncllwd7wt2
2026-07-09T13:03:19.962Z - Client: init() try block successfully finished
2026-07-09T13:03:20.042Z - Client: init() finally block (setting loading=false)
2026-07-09T13:16:13.222Z - Client: init() started
2026-07-09T13:16:14.265Z - Client: init() started
2026-07-09T13:16:14.999Z - Client: Calling ensureCivilRegistryTransactionTypes()...
2026-07-09T13:16:15.099Z - Client: Calling ensureCivilRegistryTransactionTypes()...
2026-07-09T13:16:15.906Z - Client: ensureCivilRegistryTransactionTypes() finished
2026-07-09T13:16:16.014Z - Client: ensureCivilRegistryTransactionTypes() finished
2026-07-09T13:16:16.047Z - Client: Calling getCurrentUserResident() and getTransactionTypes()...
2026-07-09T13:16:16.142Z - Client: Calling getCurrentUserResident() and getTransactionTypes()...
2026-07-09T13:16:20.241Z - Client: getCurrentUserResident() and getTransactionTypes() resolved
2026-07-09T13:16:20.329Z - Client: Found dbType ID: cmqymmg23000av5ncllwd7wt2
2026-07-09T13:16:20.419Z - Client: init() try block successfully finished
2026-07-09T13:16:20.515Z - Client: init() finally block (setting loading=false)
2026-07-09T13:16:20.813Z - Client: getCurrentUserResident() and getTransactionTypes() resolved
2026-07-09T13:16:20.958Z - Client: Found dbType ID: cmqymmg23000av5ncllwd7wt2
2026-07-09T13:16:21.062Z - Client: init() try block successfully finished
2026-07-09T13:16:21.142Z - Client: init() finally block (setting loading=false)
2026-07-10T01:24:27.451Z - Client: init() started
2026-07-10T01:24:27.762Z - Client: init() started
2026-07-10T01:24:27.806Z - Client: Calling ensureCivilRegistryTransactionTypes()...
2026-07-10T01:24:27.853Z - Client: Calling ensureCivilRegistryTransactionTypes()...
2026-07-10T01:24:28.188Z - Client: ensureCivilRegistryTransactionTypes() finished
2026-07-10T01:24:28.229Z - Client: ensureCivilRegistryTransactionTypes() finished
2026-07-10T01:24:28.272Z - Client: Calling getCurrentUserResident() and getTransactionTypes()...
2026-07-10T01:24:28.311Z - Client: Calling getCurrentUserResident() and getTransactionTypes()...
2026-07-10T01:24:29.858Z - Client: getCurrentUserResident() and getTransactionTypes() resolved
2026-07-10T01:24:29.897Z - Client: getCurrentUserResident() and getTransactionTypes() resolved
2026-07-10T01:24:29.941Z - Client: Found dbType ID: cmqymmg23000av5ncllwd7wt2
2026-07-10T01:24:29.998Z - Client: Found dbType ID: cmqymmg23000av5ncllwd7wt2
2026-07-10T01:24:30.038Z - Client: init() try block successfully finished
2026-07-10T01:24:30.085Z - Client: init() try block successfully finished
2026-07-10T01:24:30.128Z - Client: init() finally block (setting loading=false)
2026-07-10T01:24:30.175Z - Client: init() finally block (setting loading=false)
2026-07-10T05:18:29.669Z - Client: init() started
2026-07-10T05:18:30.325Z - Client: init() started
2026-07-10T05:18:30.390Z - Client: Calling ensureCivilRegistryTransactionTypes()...
2026-07-10T05:18:30.436Z - Client: Calling ensureCivilRegistryTransactionTypes()...
2026-07-10T05:18:30.862Z - Client: ensureCivilRegistryTransactionTypes() finished
2026-07-10T05:18:30.919Z - Client: ensureCivilRegistryTransactionTypes() finished
2026-07-10T05:18:30.957Z - Client: Calling getCurrentUserResident() and getTransactionTypes()...
2026-07-10T05:18:31.021Z - Client: Calling getCurrentUserResident() and getTransactionTypes()...
2026-07-10T05:18:33.226Z - Client: getCurrentUserResident() and getTransactionTypes() resolved
2026-07-10T05:18:33.298Z - Client: getCurrentUserResident() and getTransactionTypes() resolved
2026-07-10T05:18:33.364Z - Client: Found dbType ID: cmqymmg23000av5ncllwd7wt2
2026-07-10T05:18:33.421Z - Client: Found dbType ID: cmqymmg23000av5ncllwd7wt2
2026-07-10T05:18:33.476Z - Client: init() try block successfully finished
2026-07-10T05:18:33.556Z - Client: init() try block successfully finished
2026-07-10T05:18:33.611Z - Client: init() finally block (setting loading=false)
2026-07-10T05:18:33.671Z - Client: init() finally block (setting loading=false)
2026-07-10T05:28:36.386Z - Client: init() started
2026-07-10T05:28:37.082Z - Client: init() started
2026-07-10T05:28:37.510Z - Client: init() started
2026-07-10T05:28:38.104Z - Client: init() started
2026-07-10T05:28:38.206Z - Client: Calling ensureCivilRegistryTransactionTypes()...
2026-07-10T05:28:38.310Z - Client: Calling ensureCivilRegistryTransactionTypes()...
2026-07-10T05:28:38.413Z - Client: Calling ensureCivilRegistryTransactionTypes()...
2026-07-10T05:28:38.496Z - Client: Calling ensureCivilRegistryTransactionTypes()...
2026-07-10T05:28:39.696Z - Client: ensureCivilRegistryTransactionTypes() finished
2026-07-10T05:28:39.784Z - Client: ensureCivilRegistryTransactionTypes() finished
2026-07-10T05:28:39.877Z - Client: ensureCivilRegistryTransactionTypes() finished
2026-07-10T05:28:39.983Z - Client: ensureCivilRegistryTransactionTypes() finished
2026-07-10T05:28:40.046Z - Client: Calling getCurrentUserResident() and getTransactionTypes()...
2026-07-10T05:28:40.115Z - Client: Calling getCurrentUserResident() and getTransactionTypes()...
2026-07-10T05:28:40.202Z - Client: Calling getCurrentUserResident() and getTransactionTypes()...
2026-07-10T05:28:40.267Z - Client: Calling getCurrentUserResident() and getTransactionTypes()...
2026-07-10T05:28:45.079Z - Client: getCurrentUserResident() and getTransactionTypes() resolved
2026-07-10T05:28:45.143Z - Client: getCurrentUserResident() and getTransactionTypes() resolved
2026-07-10T05:28:45.225Z - Client: getCurrentUserResident() and getTransactionTypes() resolved
2026-07-10T05:28:45.300Z - Client: getCurrentUserResident() and getTransactionTypes() resolved
2026-07-10T05:28:45.372Z - Client: Found dbType ID: cmqymmg23000av5ncllwd7wt2
2026-07-10T05:28:45.449Z - Client: Found dbType ID: cmqymmg23000av5ncllwd7wt2
2026-07-10T05:28:45.525Z - Client: Found dbType ID: cmqymmg23000av5ncllwd7wt2
2026-07-10T05:28:45.617Z - Client: Found dbType ID: cmqymmg23000av5ncllwd7wt2
2026-07-10T05:28:45.705Z - Client: init() try block successfully finished
2026-07-10T05:28:45.797Z - Client: init() try block successfully finished
2026-07-10T05:28:45.870Z - Client: init() try block successfully finished
2026-07-10T05:28:45.934Z - Client: init() try block successfully finished
2026-07-10T05:28:46.002Z - Client: init() finally block (setting loading=false)
2026-07-10T05:28:46.049Z - Client: init() finally block (setting loading=false)
2026-07-10T05:28:46.114Z - Client: init() finally block (setting loading=false)
2026-07-10T05:28:46.179Z - Client: init() finally block (setting loading=false)
2026-07-10T08:31:03.596Z - Client: init() started
2026-07-10T08:31:03.967Z - Client: init() started
2026-07-10T08:31:04.014Z - Client: Calling ensureCivilRegistryTransactionTypes()...
2026-07-10T08:31:04.102Z - Client: Calling ensureCivilRegistryTransactionTypes()...
2026-07-10T08:31:04.422Z - Client: ensureCivilRegistryTransactionTypes() finished
2026-07-10T08:31:04.476Z - Client: ensureCivilRegistryTransactionTypes() finished
2026-07-10T08:31:04.555Z - Client: Calling getCurrentUserResident() and getTransactionTypes()...
2026-07-10T08:31:04.603Z - Client: Calling getCurrentUserResident() and getTransactionTypes()...
2026-07-10T08:31:06.627Z - Client: getCurrentUserResident() and getTransactionTypes() resolved
2026-07-10T08:31:06.677Z - Client: getCurrentUserResident() and getTransactionTypes() resolved
2026-07-10T08:31:06.766Z - Client: Found dbType ID: cmqymmg23000av5ncllwd7wt2
2026-07-10T08:31:06.825Z - Client: Found dbType ID: cmqymmg23000av5ncllwd7wt2
2026-07-10T08:31:06.926Z - Client: init() try block successfully finished
2026-07-10T08:31:07.004Z - Client: init() try block successfully finished
2026-07-10T08:31:07.078Z - Client: init() finally block (setting loading=false)
2026-07-10T08:31:07.206Z - Client: init() finally block (setting loading=false)
2026-07-10T10:28:48.533Z - Client: init() started
2026-07-10T10:28:49.191Z - Client: init() started
2026-07-10T10:28:49.282Z - Client: Calling ensureCivilRegistryTransactionTypes()...
2026-07-10T10:28:49.401Z - Client: Calling ensureCivilRegistryTransactionTypes()...
2026-07-10T10:28:50.186Z - Client: ensureCivilRegistryTransactionTypes() finished
2026-07-10T10:28:50.320Z - Client: ensureCivilRegistryTransactionTypes() finished
2026-07-10T10:28:50.466Z - Client: Calling getCurrentUserResident() and getTransactionTypes()...
2026-07-10T10:28:50.635Z - Client: Calling getCurrentUserResident() and getTransactionTypes()...
2026-07-10T10:28:58.499Z - Client: getCurrentUserResident() and getTransactionTypes() resolved
2026-07-10T10:28:58.579Z - Client: getCurrentUserResident() and getTransactionTypes() resolved
2026-07-10T10:28:58.662Z - Client: Found dbType ID: cmqymmg23000av5ncllwd7wt2
2026-07-10T10:28:58.748Z - Client: Found dbType ID: cmqymmg23000av5ncllwd7wt2
2026-07-10T10:28:58.826Z - Client: init() try block successfully finished
2026-07-10T10:28:58.945Z - Client: init() try block successfully finished
2026-07-10T10:28:59.024Z - Client: init() finally block (setting loading=false)
2026-07-10T10:28:59.104Z - Client: init() finally block (setting loading=false)
2026-07-10T12:31:01.255Z - Client: init() started
2026-07-10T12:31:01.760Z - Client: init() started
2026-07-10T12:31:01.920Z - Client: Calling ensureCivilRegistryTransactionTypes()...
2026-07-10T12:31:01.955Z - Client: Calling ensureCivilRegistryTransactionTypes()...
2026-07-10T12:31:02.249Z - Client: ensureCivilRegistryTransactionTypes() finished
2026-07-10T12:31:02.279Z - Client: Calling getCurrentUserResident() and getTransactionTypes()...
2026-07-10T12:31:03.101Z - Client: ensureCivilRegistryTransactionTypes() finished
2026-07-10T12:31:03.133Z - Client: Calling getCurrentUserResident() and getTransactionTypes()...
2026-07-10T12:31:03.695Z - Client: getCurrentUserResident() and getTransactionTypes() resolved
2026-07-10T12:31:03.725Z - Client: Found dbType ID: cmqymmg23000av5ncllwd7wt2
2026-07-10T12:31:03.766Z - Client: init() try block successfully finished
2026-07-10T12:31:03.810Z - Client: getCurrentUserResident() and getTransactionTypes() resolved
2026-07-10T12:31:03.832Z - Client: init() finally block (setting loading=false)
2026-07-10T12:31:03.881Z - Client: Found dbType ID: cmqymmg23000av5ncllwd7wt2
2026-07-10T12:31:03.946Z - Client: init() try block successfully finished
2026-07-10T12:31:03.988Z - Client: init() finally block (setting loading=false)
2026-07-10T13:03:50.443Z - Client: init() started
2026-07-10T13:03:51.133Z - Client: init() started
2026-07-10T13:03:51.498Z - Client: Calling ensureCivilRegistryTransactionTypes()...
2026-07-10T13:03:51.568Z - Client: Calling ensureCivilRegistryTransactionTypes()...
2026-07-10T13:03:52.377Z - Client: ensureCivilRegistryTransactionTypes() finished
2026-07-10T13:03:52.434Z - Client: ensureCivilRegistryTransactionTypes() finished
2026-07-10T13:03:52.468Z - Client: Calling getCurrentUserResident() and getTransactionTypes()...
2026-07-10T13:03:52.540Z - Client: Calling getCurrentUserResident() and getTransactionTypes()...
2026-07-10T13:03:55.111Z - Client: getCurrentUserResident() and getTransactionTypes() resolved
2026-07-10T13:03:55.151Z - Client: Found dbType ID: cmqymmg23000av5ncllwd7wt2
2026-07-10T13:03:55.217Z - Client: init() try block successfully finished
2026-07-10T13:03:55.250Z - Client: init() finally block (setting loading=false)
2026-07-10T13:03:56.641Z - Client: getCurrentUserResident() and getTransactionTypes() resolved
2026-07-10T13:03:56.708Z - Client: Found dbType ID: cmqymmg23000av5ncllwd7wt2
2026-07-10T13:03:56.761Z - Client: init() try block successfully finished
2026-07-10T13:03:56.795Z - Client: init() finally block (setting loading=false)
2026-07-11T02:11:52.205Z - Client: init() started
2026-07-11T02:11:52.571Z - Client: init() started
2026-07-11T02:11:52.659Z - Client: Calling ensureCivilRegistryTransactionTypes()...
2026-07-11T02:11:52.748Z - Client: Calling ensureCivilRegistryTransactionTypes()...
2026-07-11T02:11:53.120Z - Client: ensureCivilRegistryTransactionTypes() finished
2026-07-11T02:11:53.205Z - Client: ensureCivilRegistryTransactionTypes() finished
2026-07-11T02:11:53.271Z - Client: Calling getCurrentUserResident() and getTransactionTypes()...
2026-07-11T02:11:53.378Z - Client: Calling getCurrentUserResident() and getTransactionTypes()...
2026-07-11T02:11:55.026Z - Client: getCurrentUserResident() and getTransactionTypes() resolved
2026-07-11T02:11:55.137Z - Client: getCurrentUserResident() and getTransactionTypes() resolved
2026-07-11T02:11:55.237Z - Client: Found dbType ID: cmqymmg23000av5ncllwd7wt2
2026-07-11T02:11:55.352Z - Client: Found dbType ID: cmqymmg23000av5ncllwd7wt2
2026-07-11T02:11:55.489Z - Client: init() try block successfully finished
2026-07-11T02:11:55.601Z - Client: init() try block successfully finished
2026-07-11T02:11:55.741Z - Client: init() finally block (setting loading=false)
2026-07-11T02:11:55.855Z - Client: init() finally block (setting loading=false)
2026-07-11T02:15:00.952Z - Client: init() started
2026-07-11T02:15:01.190Z - Client: init() started
2026-07-11T02:15:01.269Z - Client: Calling ensureCivilRegistryTransactionTypes()...
2026-07-11T02:15:01.381Z - Client: Calling ensureCivilRegistryTransactionTypes()...
2026-07-11T02:15:01.537Z - Client: ensureCivilRegistryTransactionTypes() finished
2026-07-11T02:15:01.621Z - Client: Calling getCurrentUserResident() and getTransactionTypes()...
2026-07-11T02:15:01.648Z - Client: ensureCivilRegistryTransactionTypes() finished
2026-07-11T02:15:02.166Z - Client: Calling getCurrentUserResident() and getTransactionTypes()...
2026-07-11T02:15:02.617Z - Client: getCurrentUserResident() and getTransactionTypes() resolved
2026-07-11T02:15:02.698Z - Client: Found dbType ID: cmqymmg23000av5ncllwd7wt2
2026-07-11T02:15:02.722Z - Client: getCurrentUserResident() and getTransactionTypes() resolved
2026-07-11T02:15:02.816Z - Client: Found dbType ID: cmqymmg23000av5ncllwd7wt2
2026-07-11T02:15:02.842Z - Client: init() try block successfully finished
2026-07-11T02:15:02.919Z - Client: init() finally block (setting loading=false)
2026-07-11T02:15:02.949Z - Client: init() try block successfully finished
2026-07-11T02:15:03.083Z - Client: init() finally block (setting loading=false)
2026-07-11T02:31:25.739Z - Client: init() started
2026-07-11T02:31:26.267Z - Client: init() started
2026-07-11T02:31:26.334Z - Client: Calling ensureCivilRegistryTransactionTypes()...
2026-07-11T02:31:26.419Z - Client: Calling ensureCivilRegistryTransactionTypes()...
2026-07-11T02:31:26.855Z - Client: ensureCivilRegistryTransactionTypes() finished
2026-07-11T02:31:26.907Z - Client: ensureCivilRegistryTransactionTypes() finished
2026-07-11T02:31:26.956Z - Client: Calling getCurrentUserResident() and getTransactionTypes()...
2026-07-11T02:31:27.017Z - Client: Calling getCurrentUserResident() and getTransactionTypes()...
2026-07-11T02:31:28.898Z - Client: getCurrentUserResident() and getTransactionTypes() resolved
2026-07-11T02:31:28.971Z - Client: getCurrentUserResident() and getTransactionTypes() resolved
2026-07-11T02:31:29.020Z - Client: Found dbType ID: cmqymmg23000av5ncllwd7wt2
2026-07-11T02:31:29.066Z - Client: Found dbType ID: cmqymmg23000av5ncllwd7wt2
2026-07-11T02:31:29.142Z - Client: init() try block successfully finished
2026-07-11T02:31:29.186Z - Client: init() try block successfully finished
2026-07-11T02:31:29.255Z - Client: init() finally block (setting loading=false)
2026-07-11T02:31:29.302Z - Client: init() finally block (setting loading=false)
2026-07-11T02:49:48.819Z - Client: init() started
2026-07-11T02:49:49.339Z - Client: init() started
2026-07-11T02:49:49.455Z - Client: Calling ensureCivilRegistryTransactionTypes()...
2026-07-11T02:49:49.612Z - Client: Calling ensureCivilRegistryTransactionTypes()...
2026-07-11T02:49:50.079Z - Client: ensureCivilRegistryTransactionTypes() finished
2026-07-11T02:49:50.174Z - Client: ensureCivilRegistryTransactionTypes() finished
2026-07-11T02:49:50.237Z - Client: Calling getCurrentUserResident() and getTransactionTypes()...
2026-07-11T02:49:50.353Z - Client: Calling getCurrentUserResident() and getTransactionTypes()...
2026-07-11T02:49:52.947Z - Client: getCurrentUserResident() and getTransactionTypes() resolved
2026-07-11T02:49:53.085Z - Client: getCurrentUserResident() and getTransactionTypes() resolved
2026-07-11T02:49:53.179Z - Client: Found dbType ID: cmqymmg23000av5ncllwd7wt2
2026-07-11T02:49:53.284Z - Client: Found dbType ID: cmqymmg23000av5ncllwd7wt2
2026-07-11T02:49:53.391Z - Client: init() try block successfully finished
2026-07-11T02:49:53.511Z - Client: init() try block successfully finished
2026-07-11T02:49:53.614Z - Client: init() finally block (setting loading=false)
2026-07-11T02:49:53.732Z - Client: init() finally block (setting loading=false)
2026-07-11T02:53:14.778Z - Client: init() started
2026-07-11T02:53:15.893Z - Client: init() started
2026-07-11T02:53:15.962Z - Client: Calling ensureCivilRegistryTransactionTypes()...
2026-07-11T02:53:16.026Z - Client: Calling ensureCivilRegistryTransactionTypes()...
2026-07-11T02:53:16.495Z - Client: ensureCivilRegistryTransactionTypes() finished
2026-07-11T02:53:16.580Z - Client: ensureCivilRegistryTransactionTypes() finished
2026-07-11T02:53:16.622Z - Client: Calling getCurrentUserResident() and getTransactionTypes()...
2026-07-11T02:53:16.709Z - Client: Calling getCurrentUserResident() and getTransactionTypes()...
2026-07-11T02:53:19.394Z - Client: getCurrentUserResident() and getTransactionTypes() resolved
2026-07-11T02:53:19.487Z - Client: getCurrentUserResident() and getTransactionTypes() resolved
2026-07-11T02:53:19.562Z - Client: Found dbType ID: cmqymmg23000av5ncllwd7wt2
2026-07-11T02:53:19.641Z - Client: Found dbType ID: cmqymmg23000av5ncllwd7wt2
2026-07-11T02:53:19.736Z - Client: init() try block successfully finished
2026-07-11T02:53:19.784Z - Client: init() try block successfully finished
2026-07-11T02:53:19.851Z - Client: init() finally block (setting loading=false)
2026-07-11T02:53:19.945Z - Client: init() finally block (setting loading=false)
2026-07-11T03:17:14.455Z - Client: init() started
2026-07-11T03:17:14.755Z - Client: init() started
2026-07-11T03:17:14.802Z - Client: Calling ensureCivilRegistryTransactionTypes()...
2026-07-11T03:17:14.848Z - Client: Calling ensureCivilRegistryTransactionTypes()...
2026-07-11T03:17:15.122Z - Client: ensureCivilRegistryTransactionTypes() finished
2026-07-11T03:17:15.181Z - Client: ensureCivilRegistryTransactionTypes() finished
2026-07-11T03:17:15.219Z - Client: Calling getCurrentUserResident() and getTransactionTypes()...
2026-07-11T03:17:15.306Z - Client: Calling getCurrentUserResident() and getTransactionTypes()...
2026-07-11T03:17:16.668Z - Client: getCurrentUserResident() and getTransactionTypes() resolved
2026-07-11T03:17:16.732Z - Client: getCurrentUserResident() and getTransactionTypes() resolved
2026-07-11T03:17:16.815Z - Client: Found dbType ID: cmqymmg23000av5ncllwd7wt2
2026-07-11T03:17:16.854Z - Client: Found dbType ID: cmqymmg23000av5ncllwd7wt2
2026-07-11T03:17:16.909Z - Client: init() try block successfully finished
2026-07-11T03:17:16.979Z - Client: init() try block successfully finished
2026-07-11T03:17:17.035Z - Client: init() finally block (setting loading=false)
2026-07-11T03:17:17.073Z - Client: init() finally block (setting loading=false)
2026-07-11T05:21:16.698Z - Client: init() started
2026-07-11T05:21:17.025Z - Client: init() started
2026-07-11T05:21:17.089Z - Client: Calling ensureCivilRegistryTransactionTypes()...
2026-07-11T05:21:17.190Z - Client: Calling ensureCivilRegistryTransactionTypes()...
2026-07-11T05:21:17.590Z - Client: ensureCivilRegistryTransactionTypes() finished
2026-07-11T05:21:17.644Z - Client: ensureCivilRegistryTransactionTypes() finished
2026-07-11T05:21:17.715Z - Client: Calling getCurrentUserResident() and getTransactionTypes()...
2026-07-11T05:21:17.763Z - Client: Calling getCurrentUserResident() and getTransactionTypes()...
2026-07-11T05:21:19.415Z - Client: getCurrentUserResident() and getTransactionTypes() resolved
2026-07-11T05:21:19.500Z - Client: getCurrentUserResident() and getTransactionTypes() resolved
2026-07-11T05:21:19.561Z - Client: Found dbType ID: cmqymmg23000av5ncllwd7wt2
2026-07-11T05:21:19.661Z - Client: Found dbType ID: cmqymmg23000av5ncllwd7wt2
2026-07-11T05:21:19.736Z - Client: init() try block successfully finished
2026-07-11T05:21:19.834Z - Client: init() try block successfully finished
2026-07-11T05:21:19.916Z - Client: init() finally block (setting loading=false)
2026-07-11T05:21:20.017Z - Client: init() finally block (setting loading=false)
